<?xml version="1.0" encoding="utf-8" ?>
<result>
	<numSites>3</numSites>
	<totals>
		<nb_pageviews>4</nb_pageviews>
		<nb_visits>2</nb_visits>
		<hits>8</hits>
		<nb_actions>8</nb_actions>
		<revenue>43</revenue>
		<previous_nb_pageviews>0</previous_nb_pageviews>
		<previous_nb_visits>0</previous_nb_visits>
		<previous_hits>0</previous_hits>
		<previous_nb_actions>0</previous_nb_actions>
		<previous_revenue>0</previous_revenue>
	</totals>
	<lastDate>2010-03-05</lastDate>
	<sites>
	</sites>
</result>