<?xml version="1.0" encoding="utf-8" ?>
<result>
	<numSites>3</numSites>
	<totals>
		<nb_pageviews>51</nb_pageviews>
		<nb_visits>47</nb_visits>
		<hits>57</hits>
		<nb_actions>57</nb_actions>
		<revenue>195</revenue>
		<previous_nb_pageviews>0</previous_nb_pageviews>
		<previous_nb_visits>0</previous_nb_visits>
		<previous_hits>0</previous_hits>
		<previous_nb_actions>0</previous_nb_actions>
		<previous_revenue>0</previous_revenue>
	</totals>
	<lastDate>2012-07-09</lastDate>
	<sites>
	</sites>
</result>