<?xml version="1.0" encoding="utf-8" ?>
<result>
	<numSites>15</numSites>
	<totals>
		<nb_pageviews>12</nb_pageviews>
		<nb_visits>12</nb_visits>
		<hits>14</hits>
		<nb_actions>14</nb_actions>
		<revenue>9,122.95</revenue>
		<previous_nb_pageviews>0</previous_nb_pageviews>
		<previous_nb_visits>0</previous_nb_visits>
		<previous_hits>0</previous_hits>
		<previous_nb_actions>0</previous_nb_actions>
		<previous_revenue>0</previous_revenue>
	</totals>
	<lastDate>2013-01-22</lastDate>
	<sites>
		<row>
			<label>Site Ecommerce</label>
			<nb_visits>6</nb_visits>
			<nb_actions>6</nb_actions>
			<nb_pageviews>6</nb_pageviews>
			<hits>6</hits>
			<revenue>$6,298.95</revenue>
			<nb_conversions>6</nb_conversions>
			<orders>6</orders>
			<ecommerce_revenue>6298.95</ecommerce_revenue>
			<visits_evolution>100%</visits_evolution>
			<visits_evolution_trend>1</visits_evolution_trend>
			<actions_evolution>100%</actions_evolution>
			<actions_evolution_trend>1</actions_evolution_trend>
			<pageviews_evolution>100%</pageviews_evolution>
			<pageviews_evolution_trend>1</pageviews_evolution_trend>
			<hits_evolution>100%</hits_evolution>
			<hits_evolution_trend>1</hits_evolution_trend>
			<revenue_evolution>100%</revenue_evolution>
			<revenue_evolution_trend>1</revenue_evolution_trend>
			<nb_conversions_evolution>100%</nb_conversions_evolution>
			<nb_conversions_evolution_trend>1</nb_conversions_evolution_trend>
			<orders_evolution>100%</orders_evolution>
			<orders_evolution_trend>1</orders_evolution_trend>
			<ecommerce_revenue_evolution>100%</ecommerce_revenue_evolution>
			<ecommerce_revenue_evolution_trend>1</ecommerce_revenue_evolution_trend>
			<idsite>1</idsite>
			<ratio>1</ratio>
			<currencySymbol>$</currencySymbol>
			<previous_nb_visits>0</previous_nb_visits>
			<periodName>day</periodName>
			<previousRange>Tue, Jan 22</previousRange>
			<previous_nb_actions>0</previous_nb_actions>
			<previous_nb_pageviews>0</previous_nb_pageviews>
			<previous_hits>0</previous_hits>
			<previous_revenue>$0</previous_revenue>
			<previous_nb_conversions>0</previous_nb_conversions>
			<previous_orders>0</previous_orders>
			<previous_ecommerce_revenue>0</previous_ecommerce_revenue>
			<group />
			<main_url>http://piwik.net</main_url>
		</row>
		<row>
			<label>Site Goal Default Value</label>
			<nb_visits>3</nb_visits>
			<nb_actions>3</nb_actions>
			<nb_pageviews>3</nb_pageviews>
			<hits>3</hits>
			<revenue>$150</revenue>
			<nb_conversions>3</nb_conversions>
			<visits_evolution>100%</visits_evolution>
			<visits_evolution_trend>1</visits_evolution_trend>
			<actions_evolution>100%</actions_evolution>
			<actions_evolution_trend>1</actions_evolution_trend>
			<pageviews_evolution>100%</pageviews_evolution>
			<pageviews_evolution_trend>1</pageviews_evolution_trend>
			<hits_evolution>100%</hits_evolution>
			<hits_evolution_trend>1</hits_evolution_trend>
			<revenue_evolution>100%</revenue_evolution>
			<revenue_evolution_trend>1</revenue_evolution_trend>
			<nb_conversions_evolution>100%</nb_conversions_evolution>
			<nb_conversions_evolution_trend>1</nb_conversions_evolution_trend>
			<idsite>2</idsite>
			<ratio>1</ratio>
			<currencySymbol>$</currencySymbol>
			<previous_nb_visits>0</previous_nb_visits>
			<periodName>day</periodName>
			<previousRange>Tue, Jan 22</previousRange>
			<previous_nb_actions>0</previous_nb_actions>
			<previous_nb_pageviews>0</previous_nb_pageviews>
			<previous_hits>0</previous_hits>
			<previous_revenue>$0</previous_revenue>
			<previous_nb_conversions>0</previous_nb_conversions>
			<group />
			<main_url>http://piwik.net</main_url>
		</row>
		<row>
			<label>Site Goal Event Value</label>
			<nb_visits>2</nb_visits>
			<nb_actions>4</nb_actions>
			<nb_pageviews>2</nb_pageviews>
			<hits>4</hits>
			<revenue>$2,674</revenue>
			<nb_conversions>2</nb_conversions>
			<visits_evolution>100%</visits_evolution>
			<visits_evolution_trend>1</visits_evolution_trend>
			<actions_evolution>100%</actions_evolution>
			<actions_evolution_trend>1</actions_evolution_trend>
			<pageviews_evolution>100%</pageviews_evolution>
			<pageviews_evolution_trend>1</pageviews_evolution_trend>
			<hits_evolution>100%</hits_evolution>
			<hits_evolution_trend>1</hits_evolution_trend>
			<revenue_evolution>100%</revenue_evolution>
			<revenue_evolution_trend>1</revenue_evolution_trend>
			<nb_conversions_evolution>100%</nb_conversions_evolution>
			<nb_conversions_evolution_trend>1</nb_conversions_evolution_trend>
			<idsite>3</idsite>
			<ratio>1</ratio>
			<currencySymbol>$</currencySymbol>
			<previous_nb_visits>0</previous_nb_visits>
			<periodName>day</periodName>
			<previousRange>Tue, Jan 22</previousRange>
			<previous_nb_actions>0</previous_nb_actions>
			<previous_nb_pageviews>0</previous_nb_pageviews>
			<previous_hits>0</previous_hits>
			<previous_revenue>$0</previous_revenue>
			<previous_nb_conversions>0</previous_nb_conversions>
			<group />
			<main_url>http://piwik.net</main_url>
		</row>
		<row>
			<label>Site Goal Without Value</label>
			<nb_visits>1</nb_visits>
			<nb_actions>1</nb_actions>
			<nb_pageviews>1</nb_pageviews>
			<hits>1</hits>
			<revenue>$0</revenue>
			<nb_conversions>1</nb_conversions>
			<visits_evolution>100%</visits_evolution>
			<visits_evolution_trend>1</visits_evolution_trend>
			<actions_evolution>100%</actions_evolution>
			<actions_evolution_trend>1</actions_evolution_trend>
			<pageviews_evolution>100%</pageviews_evolution>
			<pageviews_evolution_trend>1</pageviews_evolution_trend>
			<hits_evolution>100%</hits_evolution>
			<hits_evolution_trend>1</hits_evolution_trend>
			<revenue_evolution>0%</revenue_evolution>
			<revenue_evolution_trend>0</revenue_evolution_trend>
			<nb_conversions_evolution>100%</nb_conversions_evolution>
			<nb_conversions_evolution_trend>1</nb_conversions_evolution_trend>
			<idsite>4</idsite>
			<ratio>1</ratio>
			<currencySymbol>$</currencySymbol>
			<previous_nb_visits>0</previous_nb_visits>
			<periodName>day</periodName>
			<previousRange>Tue, Jan 22</previousRange>
			<previous_nb_actions>0</previous_nb_actions>
			<previous_nb_pageviews>0</previous_nb_pageviews>
			<previous_hits>0</previous_hits>
			<previous_revenue>$0</previous_revenue>
			<previous_nb_conversions>0</previous_nb_conversions>
			<group />
			<main_url>http://piwik.net</main_url>
		</row>
		<row>
			<label>Site 5</label>
			<nb_visits>0</nb_visits>
			<nb_actions>0</nb_actions>
			<nb_pageviews>0</nb_pageviews>
			<hits>0</hits>
			<revenue>$0</revenue>
			<nb_conversions>0</nb_conversions>
			<visits_evolution>0%</visits_evolution>
			<visits_evolution_trend>0</visits_evolution_trend>
			<actions_evolution>0%</actions_evolution>
			<actions_evolution_trend>0</actions_evolution_trend>
			<pageviews_evolution>0%</pageviews_evolution>
			<pageviews_evolution_trend>0</pageviews_evolution_trend>
			<hits_evolution>0%</hits_evolution>
			<hits_evolution_trend>0</hits_evolution_trend>
			<revenue_evolution>0%</revenue_evolution>
			<revenue_evolution_trend>0</revenue_evolution_trend>
			<nb_conversions_evolution>0%</nb_conversions_evolution>
			<nb_conversions_evolution_trend>0</nb_conversions_evolution_trend>
			<idsite>5</idsite>
			<ratio>1</ratio>
			<currencySymbol>$</currencySymbol>
			<previous_nb_visits>0</previous_nb_visits>
			<periodName>day</periodName>
			<previousRange>Tue, Jan 22</previousRange>
			<previous_nb_actions>0</previous_nb_actions>
			<previous_nb_pageviews>0</previous_nb_pageviews>
			<previous_hits>0</previous_hits>
			<previous_revenue>$0</previous_revenue>
			<previous_nb_conversions>0</previous_nb_conversions>
			<group />
			<main_url>http://piwik.net</main_url>
		</row>
	</sites>
</result>