<?xml version="1.0" encoding="utf-8" ?>
<result>
	<numSites>15</numSites>
	<totals>
		<nb_pageviews>12</nb_pageviews>
		<nb_visits>12</nb_visits>
		<hits>14</hits>
		<nb_actions>14</nb_actions>
		<revenue>9,122.95</revenue>
		<previous_nb_pageviews>0</previous_nb_pageviews>
		<previous_nb_visits>0</previous_nb_visits>
		<previous_hits>0</previous_hits>
		<previous_nb_actions>0</previous_nb_actions>
		<previous_revenue>0</previous_revenue>
	</totals>
	<lastDate>2013-01-22</lastDate>
	<sites>
		<row>
			<label>Site 5</label>
			<nb_visits>0</nb_visits>
			<nb_actions>0</nb_actions>
			<nb_pageviews>0</nb_pageviews>
			<hits>0</hits>
			<revenue>$0</revenue>
			<nb_conversions>0</nb_conversions>
			<visits_evolution>0%</visits_evolution>
			<visits_evolution_trend>0</visits_evolution_trend>
			<actions_evolution>0%</actions_evolution>
			<actions_evolution_trend>0</actions_evolution_trend>
			<pageviews_evolution>0%</pageviews_evolution>
			<pageviews_evolution_trend>0</pageviews_evolution_trend>
			<hits_evolution>0%</hits_evolution>
			<hits_evolution_trend>0</hits_evolution_trend>
			<revenue_evolution>0%</revenue_evolution>
			<revenue_evolution_trend>0</revenue_evolution_trend>
			<nb_conversions_evolution>0%</nb_conversions_evolution>
			<nb_conversions_evolution_trend>0</nb_conversions_evolution_trend>
			<idsite>5</idsite>
			<ratio>1</ratio>
			<currencySymbol>$</currencySymbol>
			<previous_nb_visits>0</previous_nb_visits>
			<periodName>day</periodName>
			<previousRange>Tue, Jan 22</previousRange>
			<previous_nb_actions>0</previous_nb_actions>
			<previous_nb_pageviews>0</previous_nb_pageviews>
			<previous_hits>0</previous_hits>
			<previous_revenue>$0</previous_revenue>
			<previous_nb_conversions>0</previous_nb_conversions>
			<group />
			<main_url>http://piwik.net</main_url>
		</row>
		<row>
			<label>Site 6</label>
			<nb_visits>0</nb_visits>
			<nb_actions>0</nb_actions>
			<nb_pageviews>0</nb_pageviews>
			<hits>0</hits>
			<revenue>$0</revenue>
			<nb_conversions>0</nb_conversions>
			<visits_evolution>0%</visits_evolution>
			<visits_evolution_trend>0</visits_evolution_trend>
			<actions_evolution>0%</actions_evolution>
			<actions_evolution_trend>0</actions_evolution_trend>
			<pageviews_evolution>0%</pageviews_evolution>
			<pageviews_evolution_trend>0</pageviews_evolution_trend>
			<hits_evolution>0%</hits_evolution>
			<hits_evolution_trend>0</hits_evolution_trend>
			<revenue_evolution>0%</revenue_evolution>
			<revenue_evolution_trend>0</revenue_evolution_trend>
			<nb_conversions_evolution>0%</nb_conversions_evolution>
			<nb_conversions_evolution_trend>0</nb_conversions_evolution_trend>
			<idsite>6</idsite>
			<ratio>1</ratio>
			<currencySymbol>$</currencySymbol>
			<previous_nb_visits>0</previous_nb_visits>
			<periodName>day</periodName>
			<previousRange>Tue, Jan 22</previousRange>
			<previous_nb_actions>0</previous_nb_actions>
			<previous_nb_pageviews>0</previous_nb_pageviews>
			<previous_hits>0</previous_hits>
			<previous_revenue>$0</previous_revenue>
			<previous_nb_conversions>0</previous_nb_conversions>
			<group />
			<main_url>http://piwik.net</main_url>
		</row>
		<row>
			<label>Site 7</label>
			<nb_visits>0</nb_visits>
			<nb_actions>0</nb_actions>
			<nb_pageviews>0</nb_pageviews>
			<hits>0</hits>
			<revenue>$0</revenue>
			<nb_conversions>0</nb_conversions>
			<visits_evolution>0%</visits_evolution>
			<visits_evolution_trend>0</visits_evolution_trend>
			<actions_evolution>0%</actions_evolution>
			<actions_evolution_trend>0</actions_evolution_trend>
			<pageviews_evolution>0%</pageviews_evolution>
			<pageviews_evolution_trend>0</pageviews_evolution_trend>
			<hits_evolution>0%</hits_evolution>
			<hits_evolution_trend>0</hits_evolution_trend>
			<revenue_evolution>0%</revenue_evolution>
			<revenue_evolution_trend>0</revenue_evolution_trend>
			<nb_conversions_evolution>0%</nb_conversions_evolution>
			<nb_conversions_evolution_trend>0</nb_conversions_evolution_trend>
			<idsite>7</idsite>
			<ratio>1</ratio>
			<currencySymbol>$</currencySymbol>
			<previous_nb_visits>0</previous_nb_visits>
			<periodName>day</periodName>
			<previousRange>Tue, Jan 22</previousRange>
			<previous_nb_actions>0</previous_nb_actions>
			<previous_nb_pageviews>0</previous_nb_pageviews>
			<previous_hits>0</previous_hits>
			<previous_revenue>$0</previous_revenue>
			<previous_nb_conversions>0</previous_nb_conversions>
			<group />
			<main_url>http://piwik.net</main_url>
		</row>
		<row>
			<label>Site 8</label>
			<nb_visits>0</nb_visits>
			<nb_actions>0</nb_actions>
			<nb_pageviews>0</nb_pageviews>
			<hits>0</hits>
			<revenue>$0</revenue>
			<nb_conversions>0</nb_conversions>
			<visits_evolution>0%</visits_evolution>
			<visits_evolution_trend>0</visits_evolution_trend>
			<actions_evolution>0%</actions_evolution>
			<actions_evolution_trend>0</actions_evolution_trend>
			<pageviews_evolution>0%</pageviews_evolution>
			<pageviews_evolution_trend>0</pageviews_evolution_trend>
			<hits_evolution>0%</hits_evolution>
			<hits_evolution_trend>0</hits_evolution_trend>
			<revenue_evolution>0%</revenue_evolution>
			<revenue_evolution_trend>0</revenue_evolution_trend>
			<nb_conversions_evolution>0%</nb_conversions_evolution>
			<nb_conversions_evolution_trend>0</nb_conversions_evolution_trend>
			<idsite>8</idsite>
			<ratio>1</ratio>
			<currencySymbol>$</currencySymbol>
			<previous_nb_visits>0</previous_nb_visits>
			<periodName>day</periodName>
			<previousRange>Tue, Jan 22</previousRange>
			<previous_nb_actions>0</previous_nb_actions>
			<previous_nb_pageviews>0</previous_nb_pageviews>
			<previous_hits>0</previous_hits>
			<previous_revenue>$0</previous_revenue>
			<previous_nb_conversions>0</previous_nb_conversions>
			<group />
			<main_url>http://piwik.net</main_url>
		</row>
		<row>
			<label>Site 9</label>
			<nb_visits>0</nb_visits>
			<nb_actions>0</nb_actions>
			<nb_pageviews>0</nb_pageviews>
			<hits>0</hits>
			<revenue>$0</revenue>
			<nb_conversions>0</nb_conversions>
			<visits_evolution>0%</visits_evolution>
			<visits_evolution_trend>0</visits_evolution_trend>
			<actions_evolution>0%</actions_evolution>
			<actions_evolution_trend>0</actions_evolution_trend>
			<pageviews_evolution>0%</pageviews_evolution>
			<pageviews_evolution_trend>0</pageviews_evolution_trend>
			<hits_evolution>0%</hits_evolution>
			<hits_evolution_trend>0</hits_evolution_trend>
			<revenue_evolution>0%</revenue_evolution>
			<revenue_evolution_trend>0</revenue_evolution_trend>
			<nb_conversions_evolution>0%</nb_conversions_evolution>
			<nb_conversions_evolution_trend>0</nb_conversions_evolution_trend>
			<idsite>9</idsite>
			<ratio>1</ratio>
			<currencySymbol>$</currencySymbol>
			<previous_nb_visits>0</previous_nb_visits>
			<periodName>day</periodName>
			<previousRange>Tue, Jan 22</previousRange>
			<previous_nb_actions>0</previous_nb_actions>
			<previous_nb_pageviews>0</previous_nb_pageviews>
			<previous_hits>0</previous_hits>
			<previous_revenue>$0</previous_revenue>
			<previous_nb_conversions>0</previous_nb_conversions>
			<group />
			<main_url>http://piwik.net</main_url>
		</row>
	</sites>
</result>